
> frontend@0.1.0 build
> next build

▲ Next.js 16.2.6 (Turbopack)
- Environments: .env.local

  Creating an optimized production build ...
✓ Compiled successfully in 2.2s
  Running TypeScript ...
  Finished TypeScript in 3.1s ...
  Collecting page data using 14 workers ...
  Generating static pages using 14 workers (0/13) ...
  Generating static pages using 14 workers (3/13) 
  Generating static pages using 14 workers (6/13) 
  Generating static pages using 14 workers (9/13) 
✓ Generating static pages using 14 workers (13/13) in 448ms
  Finalizing page optimization ...

Route (app)
┌ ○ /
├ ○ /_not-found
├ ○ /admin/analytics
├ ○ /admin/inventory
├ ƒ /api/ai/recommend
├ ƒ /api/analytics
├ ƒ /api/orders
├ ƒ /api/products
├ ƒ /api/sales-recap
├ ƒ /api/seed
└ ƒ /api/stock-alerts


○  (Static)   prerendered as static content
ƒ  (Dynamic)  server-rendered on demand

